KEYWORD: BEGINNING
DOT
SIZE: XXXX
KEYWORD: BODY
DOT
KEYWORD: MOVE
INTEGER: 100
KEYWORD: TO
IDENTIFIER: result
DOT
KEYWORD: ADD
INTEGER: 50
KEYWORD: TO
IDENTIFIER: result
DOT
KEYWORD: INPUT
IDENTIFIER: my-var
DOT
KEYWORD: PRINT
STRING: "Hello, JIBUC"
DOT
KEYWORD: PRINT
STRING: "value: "
DOT
KEYWORD: END
DOT
